---
source: src/main.rs
expression: "\"ğŸ«—\""
---
ğŸ«—
